
> invpor@0.1.0 build
> next build

   ▲ Next.js 15.1.0
   - Environments: .env.local

   Creating an optimized production build ...
 ✓ Compiled successfully
   Skipping validation of types
   Skipping linting
   Collecting page data ...
   Generating static pages (0/62) ...
   Generating static pages (15/62) 
   Generating static pages (30/62) 
   Generating static pages (46/62) 
 ✓ Generating static pages (62/62)
   Finalizing page optimization ...
   Collecting build traces ...

Route (app)                              Size     First Load JS
┌ ○ /                                    22.9 kB         173 kB
├ ○ /_not-found                          225 B           106 kB
├ ○ /about                               6.08 kB         157 kB
├ ○ /affiliates                          3.89 kB         155 kB
├ ƒ /api/auth/forgot-password            225 B           106 kB
├ ƒ /api/auth/login                      225 B           106 kB
├ ƒ /api/auth/logout                     225 B           106 kB
├ ƒ /api/auth/reset-password             225 B           106 kB
├ ƒ /api/auth/session                    225 B           106 kB
├ ƒ /api/auth/signup                     225 B           106 kB
├ ƒ /api/challenges                      225 B           106 kB
├ ƒ /api/challenges/[id]                 225 B           106 kB
├ ƒ /api/checkout/create-session         225 B           106 kB
├ ƒ /api/checkout/verify-promo           225 B           106 kB
├ ƒ /api/contact                         225 B           106 kB
├ ƒ /api/kyc/status                      225 B           106 kB
├ ƒ /api/kyc/submit                      225 B           106 kB
├ ƒ /api/kyc/upload                      225 B           106 kB
├ ƒ /api/payouts                         225 B           106 kB
├ ƒ /api/payouts/[id]                    225 B           106 kB
├ ƒ /api/payouts/request                 225 B           106 kB
├ ƒ /api/purchase/create-session         225 B           106 kB
├ ƒ /api/purchase/verify                 225 B           106 kB
├ ƒ /api/trades                          225 B           106 kB
├ ƒ /api/trades/[id]                     225 B           106 kB
├ ƒ /api/trades/export                   225 B           106 kB
├ ƒ /api/user/account                    225 B           106 kB
├ ƒ /api/user/change-email               225 B           106 kB
├ ƒ /api/user/change-password            225 B           106 kB
├ ƒ /api/user/profile                    225 B           106 kB
├ ƒ /api/webhooks/stripe                 225 B           106 kB
├ ƒ /auth/callback                       225 B           106 kB
├ ○ /blog                                5.57 kB         159 kB
├ ○ /careers                             3.58 kB         154 kB
├ ○ /challenges                          6.95 kB         159 kB
├ ƒ /checkout/[planId]                   5.66 kB         153 kB
├ ○ /checkout/crypto                     10.5 kB         158 kB
├ ○ /checkout/failed                     2.53 kB         150 kB
├ ○ /checkout/success                    3.1 kB          151 kB
├ ○ /contact                             5.94 kB         153 kB
├ ○ /cookies                             176 B           110 kB
├ ƒ /dashboard                           108 kB          259 kB
├ ○ /dashboard/challenges                3.2 kB          151 kB
├ ƒ /dashboard/challenges/[id]           3.96 kB         152 kB
├ ○ /dashboard/kyc                       6.56 kB         150 kB
├ ○ /dashboard/payouts                   5.93 kB         153 kB
├ ○ /dashboard/settings                  4.41 kB         148 kB
├ ○ /dashboard/trades                    6.64 kB         151 kB
├ ○ /faq                                 8.98 kB         157 kB
├ ○ /forgot-password                     4.25 kB         228 kB
├ ○ /how-it-works                        7.09 kB         158 kB
├ ○ /login                               4.4 kB          229 kB
├ ○ /pricing                             7.49 kB         158 kB
├ ○ /privacy                             5.85 kB         153 kB
├ ○ /refunds                             3.31 kB         154 kB
├ ○ /reset-password                      3.56 kB         228 kB
├ ○ /risk                                3.84 kB         155 kB
├ ○ /robots.txt                          0 B                0 B
├ ○ /rules                               5.12 kB         156 kB
├ ○ /scaling                             6.3 kB          154 kB
├ ○ /signup                              5.07 kB         229 kB
├ ○ /sitemap.xml                         0 B                0 B
├ ○ /support                             5.33 kB         157 kB
├ ○ /terms                               5.9 kB          153 kB
└ ○ /verify-email                        3.6 kB          206 kB
+ First Load JS shared by all            106 kB
  ├ chunks/1517-aa1aa73f1453b2d9.js      50.7 kB
  ├ chunks/4bd1b696-75da91fa39ada108.js  53 kB
  └ other shared chunks (total)          2 kB


ƒ Middleware                             80.7 kB

○  (Static)   prerendered as static content
ƒ  (Dynamic)  server-rendered on demand

