   Γû▓ Next.js 15.1.0
   - Environments: .env.local

   Creating an optimized production build ...
 Γ£ô Compiled successfully
   Skipping validation of types
   Skipping linting
   Collecting page data ...
   Generating static pages (0/62) ...
   Generating static pages (15/62) 
   Generating static pages (30/62) 
   Generating static pages (46/62) 
 Γ£ô Generating static pages (62/62)
   Finalizing page optimization ...
   Collecting build traces ...

Route (app)                              Size     First Load JS
Γöî Γùï /                                    23.5 kB         174 kB
Γö£ Γùï /_not-found                          225 B           106 kB
Γö£ Γùï /about                               6.1 kB          157 kB
Γö£ Γùï /affiliates                          3.89 kB         155 kB
Γö£ ╞Æ /api/auth/forgot-password            225 B           106 kB
Γö£ ╞Æ /api/auth/login                      225 B           106 kB
Γö£ ╞Æ /api/auth/logout                     225 B           106 kB
Γö£ ╞Æ /api/auth/reset-password             225 B           106 kB
Γö£ ╞Æ /api/auth/session                    225 B           106 kB
Γö£ ╞Æ /api/auth/signup                     225 B           106 kB
Γö£ ╞Æ /api/challenges                      225 B           106 kB
Γö£ ╞Æ /api/challenges/[id]                 225 B           106 kB
Γö£ ╞Æ /api/checkout/create-session         225 B           106 kB
Γö£ ╞Æ /api/checkout/verify-promo           225 B           106 kB
Γö£ ╞Æ /api/contact                         225 B           106 kB
Γö£ ╞Æ /api/kyc/status                      225 B           106 kB
Γö£ ╞Æ /api/kyc/submit                      225 B           106 kB
Γö£ ╞Æ /api/kyc/upload                      225 B           106 kB
Γö£ ╞Æ /api/payouts                         225 B           106 kB
Γö£ ╞Æ /api/payouts/[id]                    225 B           106 kB
Γö£ ╞Æ /api/payouts/request                 225 B           106 kB
Γö£ ╞Æ /api/purchase/create-session         225 B           106 kB
Γö£ ╞Æ /api/purchase/verify                 225 B           106 kB
Γö£ ╞Æ /api/trades                          225 B           106 kB
Γö£ ╞Æ /api/trades/[id]                     225 B           106 kB
Γö£ ╞Æ /api/trades/export                   225 B           106 kB
Γö£ ╞Æ /api/user/account                    225 B           106 kB
Γö£ ╞Æ /api/user/change-email               225 B           106 kB
Γö£ ╞Æ /api/user/change-password            225 B           106 kB
Γö£ ╞Æ /api/user/profile                    225 B           106 kB
Γö£ ╞Æ /api/webhooks/stripe                 225 B           106 kB
Γö£ ╞Æ /auth/callback                       225 B           106 kB
Γö£ Γùï /blog                                7.37 kB         168 kB
Γö£ Γùï /careers                             3.58 kB         154 kB
Γö£ Γùï /challenges                          6.95 kB         159 kB
Γö£ ╞Æ /checkout/[planId]                   5.66 kB         153 kB
Γö£ Γùï /checkout/crypto                     10.5 kB         158 kB
Γö£ Γùï /checkout/failed                     2.53 kB         150 kB
Γö£ Γùï /checkout/success                    3.1 kB          151 kB
Γö£ Γùï /contact                             5.94 kB         153 kB
Γö£ Γùï /cookies                             176 B           110 kB
Γö£ ╞Æ /dashboard                           108 kB          259 kB
Γö£ Γùï /dashboard/challenges                3.2 kB          151 kB
Γö£ ╞Æ /dashboard/challenges/[id]           3.96 kB         152 kB
Γö£ Γùï /dashboard/kyc                       6.56 kB         150 kB
Γö£ Γùï /dashboard/payouts                   5.93 kB         153 kB
Γö£ Γùï /dashboard/settings                  4.41 kB         148 kB
Γö£ Γùï /dashboard/trades                    6.64 kB         151 kB
Γö£ Γùï /faq                                 8.98 kB         157 kB
Γö£ Γùï /forgot-password                     4.25 kB         228 kB
Γö£ Γùï /how-it-works                        7.09 kB         158 kB
Γö£ Γùï /login                               4.4 kB          229 kB
Γö£ Γùï /pricing                             7.51 kB         158 kB
Γö£ Γùï /privacy                             5.85 kB         153 kB
Γö£ Γùï /refunds                             3.31 kB         154 kB
Γö£ Γùï /reset-password                      3.56 kB         228 kB
Γö£ Γùï /risk                                3.84 kB         155 kB
Γö£ Γùï /robots.txt                          0 B                0 B
Γö£ Γùï /rules                               5.12 kB         156 kB
Γö£ Γùï /scaling                             6.3 kB          154 kB
Γö£ Γùï /signup                              5.07 kB         229 kB
Γö£ Γùï /sitemap.xml                         0 B                0 B
Γö£ Γùï /support                             5.33 kB         157 kB
Γö£ Γùï /terms                               5.9 kB          153 kB
Γöö Γùï /verify-email                        3.6 kB          206 kB
+ First Load JS shared by all            106 kB
  Γö£ chunks/1517-aa1aa73f1453b2d9.js      50.7 kB
  Γö£ chunks/4bd1b696-75da91fa39ada108.js  53 kB
  Γöö other shared chunks (total)          2 kB


╞Æ Middleware                             80.7 kB

Γùï  (Static)   prerendered as static content
╞Æ  (Dynamic)  server-rendered on demand

